{
	"meredith_nw": [
		{
			"name": "Dryer 001",
			"type": "Dryer",
			"status": "Ready to start",
			"time": " "
		},
		{
			"name": "Dryer 002",
			"type": "Dryer",
			"status": "Ready to start",
			"time": " "
		},
		{
			"name": "Dryer 003",
			"type": "Dryer",
			"status": "Ready to start",
			"time": " "
		},
		{
			"name": "Dryer 004",
			"type": "Dryer",
			"status": "Ready to start",
			"time": " "
		},
		{
			"name": "Dryer 005",
			"type": "Dryer",
			"status": "Ready to start",
			"time": " "
		},
		{
			"name": "Dryer 006 ADA",
			"type": "Dryer",
			"status": "Not online",
			"time": " "
		},
		{
			"name": "Washer 007",
			"type": "Washer",
			"status": "Ready to start",
			"time": " "
		},
		{
			"name": "Washer 008",
			"type": "Washer",
			"status": "Ready to start",
			"time": " "
		},
		{
			"name": "Washer 009",
			"type": "Washer",
			"status": "Ready to start",
			"time": " "
		},
		{
			"name": "Washer 010",
			"type": "Washer",
			"status": "Ready to start",
			"time": " "
		},
		{
			"name": "Washer 011",
			"type": "Washer",
			"status": "Ready to start",
			"time": " "
		},
		{
			"name": "Washer 012",
			"type": "Washer",
			"status": "Ready to start",
			"time": " "
		}
	],
	"earhart": [
		{
			"name": "Dryer 017",
			"type": "Dryer",
			"status": "Ready to start",
			"time": " "
		},
		{
			"name": "Dryer 018",
			"type": "Dryer",
			"status": "Ready to start",
			"time": " "
		},
		{
			"name": "Dryer 019",
			"type": "Dryer",
			"status": "Ready to start",
			"time": " "
		},
		{
			"name": "Dryer 020",
			"type": "Dryer",
			"status": "Ready to start",
			"time": " "
		},
		{
			"name": "Dryer 021",
			"type": "Dryer",
			"status": "Ready to start",
			"time": " "
		},
		{
			"name": "Dryer 022",
			"type": "Dryer",
			"status": "Ready to start",
			"time": " "
		},
		{
			"name": "Dryer 023",
			"type": "Dryer",
			"status": "Ready to start",
			"time": " "
		},
		{
			"name": "Dryer 024",
			"type": "Dryer",
			"status": "Ready to start",
			"time": " "
		},
		{
			"name": "Dryer 025",
			"type": "Dryer",
			"status": "Ready to start",
			"time": " "
		},
		{
			"name": "Dryer 026",
			"type": "Dryer",
			"status": "Ready to start",
			"time": " "
		},
		{
			"name": "Dryer 027",
			"type": "Dryer",
			"status": "Ready to start",
			"time": " "
		},
		{
			"name": "Dryer 028",
			"type": "Dryer",
			"status": "Not online",
			"time": " "
		},
		{
			"name": "Dryer 029",
			"type": "Dryer",
			"status": "Ready to start",
			"time": " "
		},
		{
			"name": "Dryer 030",
			"type": "Dryer",
			"status": "Ready to start",
			"time": " "
		},
		{
			"name": "Dryer 031",
			"type": "Dryer",
			"status": "Ready to start",
			"time": " "
		},
		{
			"name": "Dryer 032",
			"type": "Dryer",
			"status": "Ready to start",
			"time": " "
		},
		{
			"name": "Washer 001",
			"type": "Washer",
			"status": "Available",
			"time": " "
		},
		{
			"name": "Washer 002",
			"type": "Washer",
			"status": "Available",
			"time": " "
		},
		{
			"name": "Washer 003",
			"type": "Washer",
			"status": "Available",
			"time": " "
		},
		{
			"name": "Washer 004",
			"type": "Washer",
			"status": "Available",
			"time": " "
		},
		{
			"name": "Washer 005",
			"type": "Washer",
			"status": "Ready to start",
			"time": " "
		},
		{
			"name": "Washer 006",
			"type": "Washer",
			"status": "Available",
			"time": " "
		},
		{
			"name": "Washer 007",
			"type": "Washer",
			"status": "Available",
			"time": " "
		},
		{
			"name": "Washer 008",
			"type": "Washer",
			"status": "Available",
			"time": " "
		},
		{
			"name": "Washer 009",
			"type": "Washer",
			"status": "Available",
			"time": " "
		},
		{
			"name": "Washer 010",
			"type": "Washer",
			"status": "Available",
			"time": " "
		},
		{
			"name": "Washer 011",
			"type": "Washer",
			"status": "Available",
			"time": " "
		},
		{
			"name": "Washer 012",
			"type": "Washer",
			"status": "Available",
			"time": " "
		},
		{
			"name": "Washer 013",
			"type": "Washer",
			"status": "Available",
			"time": " "
		},
		{
			"name": "Washer 014",
			"type": "Washer",
			"status": "Available",
			"time": " "
		},
		{
			"name": "Washer 015",
			"type": "Washer",
			"status": "Available",
			"time": " "
		},
		{
			"name": "Washer 016",
			"type": "Washer",
			"status": "Available",
			"time": " "
		}
	],
	"windsor_warren": [
		{
			"name": "Dryer 001",
			"type": "Dryer",
			"status": "Not online",
			"time": " "
		},
		{
			"name": "Dryer 002",
			"type": "Dryer",
			"status": "Not online",
			"time": " "
		},
		{
			"name": "Dryer 003",
			"type": "Dryer",
			"status": "Not online",
			"time": " "
		},
		{
			"name": "Dryer 007",
			"type": "Dryer",
			"status": "Not online",
			"time": " "
		},
		{
			"name": "Dryer 008",
			"type": "Dryer",
			"status": "Not online",
			"time": " "
		},
		{
			"name": "Dryer 009",
			"type": "Dryer",
			"status": "Available",
			"time": " "
		},
		{
			"name": "Dryer 013",
			"type": "Dryer",
			"status": "Not online",
			"time": " "
		},
		{
			"name": "Dryer 014",
			"type": "Dryer",
			"status": "Not online",
			"time": " "
		},
		{
			"name": "Dryer 015",
			"type": "Dryer",
			"status": "Not online",
			"time": " "
		},
		{
			"name": "Washer 004",
			"type": "Washer",
			"status": "Not online",
			"time": " "
		},
		{
			"name": "Washer 005",
			"type": "Washer",
			"status": "Not online",
			"time": " "
		},
		{
			"name": "Washer 006",
			"type": "Washer",
			"status": "Not online",
			"time": " "
		},
		{
			"name": "Washer 010",
			"type": "Washer",
			"status": "Not online",
			"time": " "
		},
		{
			"name": "Washer 011",
			"type": "Washer",
			"status": "Not online",
			"time": " "
		},
		{
			"name": "Washer 016",
			"type": "Washer",
			"status": "Not online",
			"time": " "
		},
		{
			"name": "Washer 017",
			"type": "Washer",
			"status": "Not online",
			"time": " "
		},
		{
			"name": "Washer 018",
			"type": "Washer",
			"status": "Not online",
			"time": " "
		}
	],
	"windsor_duhme": [
		{
			"name": "Dryer 001",
			"type": "Dryer",
			"status": "Ready to start",
			"time": " "
		},
		{
			"name": "Dryer 002",
			"type": "Dryer",
			"status": "End of cycle",
			"time": " "
		},
		{
			"name": "Dryer 003",
			"type": "Dryer",
			"status": "Ready to start",
			"time": " "
		},
		{
			"name": "Dryer 004",
			"type": "Dryer",
			"status": "Ready to start",
			"time": " "
		},
		{
			"name": "Dryer 011",
			"type": "Dryer",
			"status": "End of cycle",
			"time": " "
		},
		{
			"name": "Dryer 012",
			"type": "Dryer",
			"status": "End of cycle",
			"time": " "
		},
		{
			"name": "Dryer 013",
			"type": "Dryer",
			"status": "Available",
			"time": " "
		},
		{
			"name": "Dryer 014",
			"type": "Dryer",
			"status": "Ready to start",
			"time": " "
		},
		{
			"name": "Dryer 015",
			"type": "Dryer",
			"status": "Ready to start",
			"time": " "
		},
		{
			"name": "Dryer 016",
			"type": "Dryer",
			"status": "Ready to start",
			"time": " "
		},
		{
			"name": "Dryer 023",
			"type": "Dryer",
			"status": "Ready to start",
			"time": " "
		},
		{
			"name": "Dryer 024",
			"type": "Dryer",
			"status": "Ready to start",
			"time": " "
		},
		{
			"name": "Dryer 025",
			"type": "Dryer",
			"status": "Ready to start",
			"time": " "
		},
		{
			"name": "Dryer 026",
			"type": "Dryer",
			"status": "End of cycle",
			"time": " "
		},
		{
			"name": "Dryer 027",
			"type": "Dryer",
			"status": "Ready to start",
			"time": " "
		},
		{
			"name": "Washer 005",
			"type": "Washer",
			"status": "Available",
			"time": " "
		},
		{
			"name": "Washer 006",
			"type": "Washer",
			"status": "Available",
			"time": " "
		},
		{
			"name": "Washer 007",
			"type": "Washer",
			"status": "Available",
			"time": " "
		},
		{
			"name": "Washer 008",
			"type": "Washer",
			"status": "Available",
			"time": " "
		},
		{
			"name": "Washer 009",
			"type": "Washer",
			"status": "Available",
			"time": " "
		},
		{
			"name": "Washer 010",
			"type": "Washer",
			"status": "Available",
			"time": " "
		},
		{
			"name": "Washer 017",
			"type": "Washer",
			"status": "Available",
			"time": " "
		},
		{
			"name": "Washer 018",
			"type": "Washer",
			"status": "Available",
			"time": " "
		},
		{
			"name": "Washer 019",
			"type": "Washer",
			"status": "Available",
			"time": " "
		},
		{
			"name": "Washer 020",
			"type": "Washer",
			"status": "Available",
			"time": " "
		},
		{
			"name": "Washer 021",
			"type": "Washer",
			"status": "Available",
			"time": " "
		},
		{
			"name": "Washer 022",
			"type": "Washer",
			"status": "Available",
			"time": " "
		}
	],
	"hillenbrand": [
		{
			"name": "Dryer 021 ADA",
			"type": "Dryer",
			"status": "Payment in progress",
			"time": " "
		},
		{
			"name": "Dryer 022",
			"type": "Dryer",
			"status": "Ready to start",
			"time": " "
		},
		{
			"name": "Dryer 023",
			"type": "Dryer",
			"status": "Available",
			"time": " "
		},
		{
			"name": "Dryer 024",
			"type": "Dryer",
			"status": "Available",
			"time": " "
		},
		{
			"name": "Dryer 025",
			"type": "Dryer",
			"status": "End of cycle",
			"time": " "
		},
		{
			"name": "Dryer 026",
			"type": "Dryer",
			"status": "Ready to start",
			"time": " "
		},
		{
			"name": "Dryer 027",
			"type": "Dryer",
			"status": "Ready to start",
			"time": " "
		},
		{
			"name": "Dryer 028",
			"type": "Dryer",
			"status": "Ready to start",
			"time": " "
		},
		{
			"name": "Dryer 029",
			"type": "Dryer",
			"status": "Ready to start",
			"time": " "
		},
		{
			"name": "Dryer 030",
			"type": "Dryer",
			"status": "Ready to start",
			"time": " "
		},
		{
			"name": "Dryer 031",
			"type": "Dryer",
			"status": "Ready to start",
			"time": " "
		},
		{
			"name": "Dryer 032",
			"type": "Dryer",
			"status": "Ready to start",
			"time": " "
		},
		{
			"name": "Dryer 033",
			"type": "Dryer",
			"status": "Ready to start",
			"time": " "
		},
		{
			"name": "Dryer 034",
			"type": "Dryer",
			"status": "Ready to start",
			"time": " "
		},
		{
			"name": "Dryer 035",
			"type": "Dryer",
			"status": "Ready to start",
			"time": " "
		},
		{
			"name": "Dryer 036",
			"type": "Dryer",
			"status": "Not online",
			"time": " "
		},
		{
			"name": "Dryer 037",
			"type": "Dryer",
			"status": "Ready to start",
			"time": " "
		},
		{
			"name": "Dryer 038",
			"type": "Dryer",
			"status": "Ready to start",
			"time": " "
		},
		{
			"name": "Dryer 039",
			"type": "Dryer",
			"status": "Ready to start",
			"time": " "
		},
		{
			"name": "Dryer 040",
			"type": "Dryer",
			"status": "Ready to start",
			"time": " "
		},
		{
			"name": "Dryer 041",
			"type": "Dryer",
			"status": "Ready to start",
			"time": " "
		},
		{
			"name": "Dryer 042",
			"type": "Dryer",
			"status": "Ready to start",
			"time": " "
		},
		{
			"name": "Dryer 043",
			"type": "Dryer",
			"status": "Ready to start",
			"time": " "
		},
		{
			"name": "Dryer 044",
			"type": "Dryer",
			"status": "Ready to start",
			"time": " "
		},
		{
			"name": "Washer 001",
			"type": "Washer",
			"status": "Ready to start",
			"time": " "
		},
		{
			"name": "Washer 002",
			"type": "Washer",
			"status": "Ready to start",
			"time": " "
		},
		{
			"name": "Washer 003",
			"type": "Washer",
			"status": "End of cycle",
			"time": " "
		},
		{
			"name": "Washer 004",
			"type": "Washer",
			"status": "Ready to start",
			"time": " "
		},
		{
			"name": "Washer 005",
			"type": "Washer",
			"status": "Ready to start",
			"time": " "
		},
		{
			"name": "Washer 006",
			"type": "Washer",
			"status": "Ready to start",
			"time": " "
		},
		{
			"name": "Washer 007",
			"type": "Washer",
			"status": "Ready to start",
			"time": " "
		},
		{
			"name": "Washer 008",
			"type": "Washer",
			"status": "Ready to start",
			"time": " "
		},
		{
			"name": "Washer 009",
			"type": "Washer",
			"status": "Ready to start",
			"time": " "
		},
		{
			"name": "Washer 010",
			"type": "Washer",
			"status": "Ready to start",
			"time": " "
		},
		{
			"name": "Washer 011",
			"type": "Washer",
			"status": "Ready to start",
			"time": " "
		},
		{
			"name": "Washer 012",
			"type": "Washer",
			"status": "Ready to start",
			"time": " "
		},
		{
			"name": "Washer 013",
			"type": "Washer",
			"status": "Ready to start",
			"time": " "
		},
		{
			"name": "Washer 014",
			"type": "Washer",
			"status": "Ready to start",
			"time": " "
		},
		{
			"name": "Washer 015",
			"type": "Washer",
			"status": "Ready to start",
			"time": " "
		},
		{
			"name": "Washer 016 ADA",
			"type": "Washer",
			"status": "Ready to start",
			"time": " "
		},
		{
			"name": "Washer 017",
			"type": "Washer",
			"status": "Ready to start",
			"time": " "
		},
		{
			"name": "Washer 018",
			"type": "Washer",
			"status": "Ready to start",
			"time": " "
		},
		{
			"name": "Washer 019",
			"type": "Washer",
			"status": "Ready to start",
			"time": " "
		},
		{
			"name": "Washer 020",
			"type": "Washer",
			"status": "Ready to start",
			"time": " "
		}
	],
	"harrison": [
		{
			"name": "Dryer 015",
			"type": "Dryer",
			"status": "Ready to start",
			"time": " "
		},
		{
			"name": "Dryer 016",
			"type": "Dryer",
			"status": "Ready to start",
			"time": " "
		},
		{
			"name": "Dryer 017",
			"type": "Dryer",
			"status": "End of cycle",
			"time": " "
		},
		{
			"name": "Dryer 018",
			"type": "Dryer",
			"status": "Ready to start",
			"time": " "
		},
		{
			"name": "Dryer 019",
			"type": "Dryer",
			"status": "Almost done",
			"time": " "
		},
		{
			"name": "Dryer 020",
			"type": "Dryer",
			"status": "In use",
			"time": "16 minutes left"
		},
		{
			"name": "Dryer 021",
			"type": "Dryer",
			"status": "In use",
			"time": "17 minutes left"
		},
		{
			"name": "Dryer 022 ADA",
			"type": "Dryer",
			"status": "Ready to start",
			"time": " "
		},
		{
			"name": "Dryer 023",
			"type": "Dryer",
			"status": "Ready to start",
			"time": " "
		},
		{
			"name": "Dryer 024",
			"type": "Dryer",
			"status": "Ready to start",
			"time": " "
		},
		{
			"name": "Dryer 025",
			"type": "Dryer",
			"status": "Ready to start",
			"time": " "
		},
		{
			"name": "Dryer 026",
			"type": "Dryer",
			"status": "Ready to start",
			"time": " "
		},
		{
			"name": "Dryer 027",
			"type": "Dryer",
			"status": "Ready to start",
			"time": " "
		},
		{
			"name": "Dryer 028",
			"type": "Dryer",
			"status": "End of cycle",
			"time": " "
		},
		{
			"name": "Dryer 029",
			"type": "Dryer",
			"status": "Ready to start",
			"time": " "
		},
		{
			"name": "Dryer 030",
			"type": "Dryer",
			"status": "Ready to start",
			"time": " "
		},
		{
			"name": "Washer 001",
			"type": "Washer",
			"status": "Available",
			"time": " "
		},
		{
			"name": "Washer 002",
			"type": "Washer",
			"status": "Available",
			"time": " "
		},
		{
			"name": "Washer 003",
			"type": "Washer",
			"status": "Available",
			"time": " "
		},
		{
			"name": "Washer 004",
			"type": "Washer",
			"status": "Available",
			"time": " "
		},
		{
			"name": "Washer 005",
			"type": "Washer",
			"status": "End of cycle",
			"time": " "
		},
		{
			"name": "Washer 006",
			"type": "Washer",
			"status": "Available",
			"time": " "
		},
		{
			"name": "Washer 007",
			"type": "Washer",
			"status": "End of cycle",
			"time": " "
		},
		{
			"name": "Washer 008",
			"type": "Washer",
			"status": "Available",
			"time": " "
		},
		{
			"name": "Washer 009",
			"type": "Washer",
			"status": "Available",
			"time": " "
		},
		{
			"name": "Washer 010 ADA",
			"type": "Washer",
			"status": "Available",
			"time": " "
		},
		{
			"name": "Washer 011",
			"type": "Washer",
			"status": "Available",
			"time": " "
		},
		{
			"name": "Washer 012",
			"type": "Washer",
			"status": "Available",
			"time": " "
		},
		{
			"name": "Washer 013",
			"type": "Washer",
			"status": "Ready to start",
			"time": " "
		},
		{
			"name": "Washer 014",
			"type": "Washer",
			"status": "Available",
			"time": " "
		}
	],
	"shreve": [
		{
			"name": "East Dryer 001",
			"type": "Dryer",
			"status": "In use",
			"time": "42 minutes left"
		},
		{
			"name": "East Dryer 002",
			"type": "Dryer",
			"status": "In use",
			"time": "19 minutes left"
		},
		{
			"name": "East Dryer 003",
			"type": "Dryer",
			"status": "End of cycle",
			"time": " "
		},
		{
			"name": "East Dryer 004",
			"type": "Dryer",
			"status": "In use",
			"time": "41 minutes left"
		},
		{
			"name": "East Dryer 005",
			"type": "Dryer",
			"status": "In use",
			"time": "42 minutes left"
		},
		{
			"name": "East Dryer 006",
			"type": "Dryer",
			"status": "In use",
			"time": "25 minutes left"
		},
		{
			"name": "East Dryer 007",
			"type": "Dryer",
			"status": "In use",
			"time": "43 minutes left"
		},
		{
			"name": "East Dryer 008",
			"type": "Dryer",
			"status": "In use",
			"time": "25 minutes left"
		},
		{
			"name": "East Washer 009",
			"type": "Washer",
			"status": "Available",
			"time": " "
		},
		{
			"name": "East Washer 010",
			"type": "Washer",
			"status": "Available",
			"time": " "
		},
		{
			"name": "East Washer 011",
			"type": "Washer",
			"status": "Available",
			"time": " "
		},
		{
			"name": "East Washer 012",
			"type": "Washer",
			"status": "Available",
			"time": " "
		},
		{
			"name": "East Washer 013",
			"type": "Washer",
			"status": "Available",
			"time": " "
		},
		{
			"name": "East Washer 014",
			"type": "Washer",
			"status": "Available",
			"time": " "
		},
		{
			"name": "East Washer 015",
			"type": "Washer",
			"status": "Available",
			"time": " "
		},
		{
			"name": "West Dryer 001",
			"type": "Dryer",
			"status": "Ready to start",
			"time": " "
		},
		{
			"name": "West Dryer 002",
			"type": "Dryer",
			"status": "In use",
			"time": "24 minutes left"
		},
		{
			"name": "West Dryer 003",
			"type": "Dryer",
			"status": "End of cycle",
			"time": " "
		},
		{
			"name": "West Dryer 005",
			"type": "Dryer",
			"status": "Ready to start",
			"time": " "
		},
		{
			"name": "West Dryer 006",
			"type": "Dryer",
			"status": "End of cycle",
			"time": " "
		},
		{
			"name": "West Dryer 007",
			"type": "Dryer",
			"status": "Ready to start",
			"time": " "
		},
		{
			"name": "West Dryer 008",
			"type": "Dryer",
			"status": "Ready to start",
			"time": " "
		},
		{
			"name": "West Washer 009",
			"type": "Washer",
			"status": "Ready to start",
			"time": " "
		},
		{
			"name": "West Washer 010",
			"type": "Washer",
			"status": "Available",
			"time": " "
		},
		{
			"name": "West Washer 011",
			"type": "Washer",
			"status": "Available",
			"time": " "
		},
		{
			"name": "West Washer 012",
			"type": "Washer",
			"status": "In use",
			"time": "6 minutes left"
		},
		{
			"name": "West Washer 013",
			"type": "Washer",
			"status": "In use",
			"time": "8 minutes left"
		},
		{
			"name": "West Washer 014",
			"type": "Washer",
			"status": "In use",
			"time": "7 minutes left"
		},
		{
			"name": "West Washer 015",
			"type": "Washer",
			"status": "Available",
			"time": " "
		}
	],
	"tarkington": [
		{
			"name": "Dryer 001",
			"type": "Dryer",
			"status": "End of cycle",
			"time": " "
		},
		{
			"name": "Dryer 002",
			"type": "Dryer",
			"status": "Ready to start",
			"time": " "
		},
		{
			"name": "Dryer 003",
			"type": "Dryer",
			"status": "Ready to start",
			"time": " "
		},
		{
			"name": "Dryer 004",
			"type": "Dryer",
			"status": "Ready to start",
			"time": " "
		},
		{
			"name": "Dryer 005",
			"type": "Dryer",
			"status": "End of cycle",
			"time": " "
		},
		{
			"name": "Dryer 006",
			"type": "Dryer",
			"status": "Ready to start",
			"time": " "
		},
		{
			"name": "Dryer 007 ADA",
			"type": "Dryer",
			"status": "Ready to start",
			"time": " "
		},
		{
			"name": "Dryer 008",
			"type": "Dryer",
			"status": "Ready to start",
			"time": " "
		},
		{
			"name": "Dryer 009",
			"type": "Dryer",
			"status": "Ready to start",
			"time": " "
		},
		{
			"name": "Dryer 010",
			"type": "Dryer",
			"status": "Ready to start",
			"time": " "
		},
		{
			"name": "Dryer 011",
			"type": "Dryer",
			"status": "End of cycle",
			"time": " "
		},
		{
			"name": "Dryer 012",
			"type": "Dryer",
			"status": "Ready to start",
			"time": " "
		},
		{
			"name": "Dryer 013",
			"type": "Dryer",
			"status": "Ready to start",
			"time": " "
		},
		{
			"name": "Dryer 014",
			"type": "Dryer",
			"status": "Ready to start",
			"time": " "
		},
		{
			"name": "Dryer 015",
			"type": "Dryer",
			"status": "Ready to start",
			"time": " "
		},
		{
			"name": "Washer 016",
			"type": "Washer",
			"status": "Available",
			"time": " "
		},
		{
			"name": "Washer 017",
			"type": "Washer",
			"status": "Available",
			"time": " "
		},
		{
			"name": "Washer 018",
			"type": "Washer",
			"status": "Available",
			"time": " "
		},
		{
			"name": "Washer 019",
			"type": "Washer",
			"status": "Available",
			"time": " "
		},
		{
			"name": "Washer 020",
			"type": "Washer",
			"status": "Available",
			"time": " "
		},
		{
			"name": "Washer 021",
			"type": "Washer",
			"status": "Available",
			"time": " "
		},
		{
			"name": "Washer 022",
			"type": "Washer",
			"status": "Available",
			"time": " "
		},
		{
			"name": "Washer 023",
			"type": "Washer",
			"status": "In use",
			"time": "38 minutes left"
		},
		{
			"name": "Washer 024 ADA",
			"type": "Washer",
			"status": "In use",
			"time": "39 minutes left"
		},
		{
			"name": "Washer 025",
			"type": "Washer",
			"status": "End of cycle",
			"time": " "
		},
		{
			"name": "Washer 026",
			"type": "Washer",
			"status": "Available",
			"time": " "
		},
		{
			"name": "Washer 027",
			"type": "Washer",
			"status": "End of cycle",
			"time": " "
		},
		{
			"name": "Washer 028",
			"type": "Washer",
			"status": "Available",
			"time": " "
		},
		{
			"name": "Washer 029",
			"type": "Washer",
			"status": "Available",
			"time": " "
		}
	],
	"mccutcheon": [
		{
			"name": "Dryer 001",
			"type": "Dryer",
			"status": "Ready to start",
			"time": " "
		},
		{
			"name": "Dryer 002",
			"type": "Dryer",
			"status": "Ready to start",
			"time": " "
		},
		{
			"name": "Dryer 003",
			"type": "Dryer",
			"status": "Ready to start",
			"time": " "
		},
		{
			"name": "Dryer 004",
			"type": "Dryer",
			"status": "Ready to start",
			"time": " "
		},
		{
			"name": "Dryer 005",
			"type": "Dryer",
			"status": "Ready to start",
			"time": " "
		},
		{
			"name": "Dryer 006",
			"type": "Dryer",
			"status": "Ready to start",
			"time": " "
		},
		{
			"name": "Dryer 007",
			"type": "Dryer",
			"status": "End of cycle",
			"time": " "
		},
		{
			"name": "Dryer 008",
			"type": "Dryer",
			"status": "Ready to start",
			"time": " "
		},
		{
			"name": "Dryer 009",
			"type": "Dryer",
			"status": "Almost done",
			"time": "4 minutes left"
		},
		{
			"name": "Dryer 010",
			"type": "Dryer",
			"status": "Ready to start",
			"time": " "
		},
		{
			"name": "Dryer 011",
			"type": "Dryer",
			"status": "Almost done",
			"time": "4 minutes left"
		},
		{
			"name": "Dryer 012",
			"type": "Dryer",
			"status": "Almost done",
			"time": "3 minutes left"
		},
		{
			"name": "Dryer 013",
			"type": "Dryer",
			"status": "Almost done",
			"time": "4 minutes left"
		},
		{
			"name": "Dryer 014",
			"type": "Dryer",
			"status": "Ready to start",
			"time": " "
		},
		{
			"name": "Washer 015",
			"type": "Washer",
			"status": "Available",
			"time": " "
		},
		{
			"name": "Washer 016",
			"type": "Washer",
			"status": "Available",
			"time": " "
		},
		{
			"name": "Washer 017",
			"type": "Washer",
			"status": "Available",
			"time": " "
		},
		{
			"name": "Washer 018",
			"type": "Washer",
			"status": "Available",
			"time": " "
		},
		{
			"name": "Washer 019",
			"type": "Washer",
			"status": "Available",
			"time": " "
		},
		{
			"name": "Washer 020",
			"type": "Washer",
			"status": "Available",
			"time": " "
		},
		{
			"name": "Washer 021",
			"type": "Washer",
			"status": "Available",
			"time": " "
		},
		{
			"name": "Washer 022",
			"type": "Washer",
			"status": "Available",
			"time": " "
		},
		{
			"name": "Washer 023",
			"type": "Washer",
			"status": "Available",
			"time": " "
		},
		{
			"name": "Washer 024",
			"type": "Washer",
			"status": "Available",
			"time": " "
		},
		{
			"name": "Washer 025",
			"type": "Washer",
			"status": "Available",
			"time": " "
		},
		{
			"name": "Washer 026",
			"type": "Washer",
			"status": "Available",
			"time": " "
		},
		{
			"name": "Washer 027",
			"type": "Washer",
			"status": "Available",
			"time": " "
		}
	],
	"wiley": [
		{
			"name": "Dryer 013",
			"type": "Dryer",
			"status": "Ready to start",
			"time": " "
		},
		{
			"name": "Dryer 014",
			"type": "Dryer",
			"status": "Ready to start",
			"time": " "
		},
		{
			"name": "Dryer 015",
			"type": "Dryer",
			"status": "Ready to start",
			"time": " "
		},
		{
			"name": "Dryer 016",
			"type": "Dryer",
			"status": "Ready to start",
			"time": " "
		},
		{
			"name": "Dryer 017",
			"type": "Dryer",
			"status": "Ready to start",
			"time": " "
		},
		{
			"name": "Dryer 018",
			"type": "Dryer",
			"status": "Ready to start",
			"time": " "
		},
		{
			"name": "Dryer 019",
			"type": "Dryer",
			"status": "Ready to start",
			"time": " "
		},
		{
			"name": "Dryer 020",
			"type": "Dryer",
			"status": "Ready to start",
			"time": " "
		},
		{
			"name": "Dryer 021",
			"type": "Dryer",
			"status": "Ready to start",
			"time": " "
		},
		{
			"name": "Dryer 022",
			"type": "Dryer",
			"status": "Ready to start",
			"time": " "
		},
		{
			"name": "Dryer 023",
			"type": "Dryer",
			"status": "Ready to start",
			"time": " "
		},
		{
			"name": "Dryer 024",
			"type": "Dryer",
			"status": "Ready to start",
			"time": " "
		},
		{
			"name": "Dryer 025",
			"type": "Dryer",
			"status": "Ready to start",
			"time": " "
		},
		{
			"name": "Dryer 026 ADA",
			"type": "Dryer",
			"status": "Ready to start",
			"time": " "
		},
		{
			"name": "Dryer 027",
			"type": "Dryer",
			"status": "Ready to start",
			"time": " "
		},
		{
			"name": "Washer 001",
			"type": "Washer",
			"status": "Ready to start",
			"time": " "
		},
		{
			"name": "Washer 002",
			"type": "Washer",
			"status": "Not online",
			"time": " "
		},
		{
			"name": "Washer 003",
			"type": "Washer",
			"status": "Ready to start",
			"time": " "
		},
		{
			"name": "Washer 004 ADA",
			"type": "Washer",
			"status": "Ready to start",
			"time": " "
		},
		{
			"name": "Washer 005",
			"type": "Washer",
			"status": "Ready to start",
			"time": " "
		},
		{
			"name": "Washer 006",
			"type": "Washer",
			"status": "Ready to start",
			"time": " "
		},
		{
			"name": "Washer 007",
			"type": "Washer",
			"status": "Ready to start",
			"time": " "
		},
		{
			"name": "Washer 008",
			"type": "Washer",
			"status": "Ready to start",
			"time": " "
		},
		{
			"name": "Washer 009",
			"type": "Washer",
			"status": "Available",
			"time": " "
		},
		{
			"name": "Washer 010",
			"type": "Washer",
			"status": "Ready to start",
			"time": " "
		},
		{
			"name": "Washer 011",
			"type": "Washer",
			"status": "Ready to start",
			"time": " "
		},
		{
			"name": "Washer 012",
			"type": "Washer",
			"status": "Ready to start",
			"time": " "
		}
	],
	"cary": [
		{
			"name": "Dryer 013",
			"type": "Dryer",
			"status": "Ready to start",
			"time": " "
		},
		{
			"name": "Dryer 014",
			"type": "Dryer",
			"status": "End of cycle",
			"time": " "
		},
		{
			"name": "Dryer 015",
			"type": "Dryer",
			"status": "Ready to start",
			"time": " "
		},
		{
			"name": "Dryer 016",
			"type": "Dryer",
			"status": "Ready to start",
			"time": " "
		},
		{
			"name": "Dryer 017",
			"type": "Dryer",
			"status": "Ready to start",
			"time": " "
		},
		{
			"name": "Dryer 019",
			"type": "Dryer",
			"status": "Ready to start",
			"time": " "
		},
		{
			"name": "Dryer 020",
			"type": "Dryer",
			"status": "Ready to start",
			"time": " "
		},
		{
			"name": "Dryer 021",
			"type": "Dryer",
			"status": "Ready to start",
			"time": " "
		},
		{
			"name": "Dryer 022",
			"type": "Dryer",
			"status": "End of cycle",
			"time": " "
		},
		{
			"name": "Dryer 023",
			"type": "Dryer",
			"status": "Ready to start",
			"time": " "
		},
		{
			"name": "Dryer 024",
			"type": "Dryer",
			"status": "Ready to start",
			"time": " "
		},
		{
			"name": "Dryer 025",
			"type": "Dryer",
			"status": "Ready to start",
			"time": " "
		},
		{
			"name": "Dryer 026 ADA",
			"type": "Dryer",
			"status": "Ready to start",
			"time": " "
		},
		{
			"name": "Washer 001",
			"type": "Washer",
			"status": "Available",
			"time": " "
		},
		{
			"name": "Washer 002",
			"type": "Washer",
			"status": "Available",
			"time": " "
		},
		{
			"name": "Washer 003",
			"type": "Washer",
			"status": "Available",
			"time": " "
		},
		{
			"name": "Washer 004",
			"type": "Washer",
			"status": "Ready to start",
			"time": " "
		},
		{
			"name": "Washer 005",
			"type": "Washer",
			"status": "Available",
			"time": " "
		},
		{
			"name": "Washer 006",
			"type": "Washer",
			"status": "Available",
			"time": " "
		},
		{
			"name": "Washer 007",
			"type": "Washer",
			"status": "Available",
			"time": " "
		},
		{
			"name": "Washer 008 ADA",
			"type": "Washer",
			"status": "Available",
			"time": " "
		},
		{
			"name": "Washer 009",
			"type": "Washer",
			"status": "Available",
			"time": " "
		},
		{
			"name": "Washer 010",
			"type": "Washer",
			"status": "Available",
			"time": " "
		},
		{
			"name": "Washer 011",
			"type": "Washer",
			"status": "Not online",
			"time": " "
		},
		{
			"name": "Washer 012",
			"type": "Washer",
			"status": "Available",
			"time": " "
		}
	],
	"third": [
		{
			"name": "Dryer 001",
			"type": "Dryer",
			"status": "Ready to start",
			"time": " "
		},
		{
			"name": "Dryer 002",
			"type": "Dryer",
			"status": "Ready to start",
			"time": " "
		},
		{
			"name": "Dryer 004",
			"type": "Dryer",
			"status": "Available",
			"time": " "
		},
		{
			"name": "Dryer 006",
			"type": "Dryer",
			"status": "Available",
			"time": " "
		},
		{
			"name": "Dryer 008",
			"type": "Dryer",
			"status": "End of cycle",
			"time": " "
		},
		{
			"name": "Dryer 022",
			"type": "Dryer",
			"status": "End of cycle",
			"time": " "
		},
		{
			"name": "Dryer 024",
			"type": "Dryer",
			"status": "Available",
			"time": " "
		},
		{
			"name": "Dryer 026",
			"type": "Dryer",
			"status": "Available",
			"time": " "
		},
		{
			"name": "Dryer 028",
			"type": "Dryer",
			"status": "Available",
			"time": " "
		},
		{
			"name": "Dryer 030",
			"type": "Dryer",
			"status": "Available",
			"time": " "
		},
		{
			"name": "Dryer 032",
			"type": "Dryer",
			"status": "Available",
			"time": " "
		},
		{
			"name": "Washer 003",
			"type": "Washer",
			"status": "Available",
			"time": " "
		},
		{
			"name": "Washer 005",
			"type": "Washer",
			"status": "Available",
			"time": " "
		},
		{
			"name": "Washer 007",
			"type": "Washer",
			"status": "Available",
			"time": " "
		},
		{
			"name": "Washer 021",
			"type": "Washer",
			"status": "Available",
			"time": " "
		},
		{
			"name": "Washer 023",
			"type": "Washer",
			"status": "Available",
			"time": " "
		},
		{
			"name": "Washer 025",
			"type": "Washer",
			"status": "Available",
			"time": " "
		},
		{
			"name": "Washer 027",
			"type": "Washer",
			"status": "Available",
			"time": " "
		},
		{
			"name": "Washer 029",
			"type": "Washer",
			"status": "Available",
			"time": " "
		},
		{
			"name": "Washer 031",
			"type": "Washer",
			"status": "Available",
			"time": " "
		}
	],
	"owen": [
		{
			"name": "Dryer 019",
			"type": "Dryer",
			"status": "Ready to start",
			"time": " "
		},
		{
			"name": "Dryer 020",
			"type": "Dryer",
			"status": "Ready to start",
			"time": " "
		},
		{
			"name": "Dryer 021",
			"type": "Dryer",
			"status": "Ready to start",
			"time": " "
		},
		{
			"name": "Dryer 022",
			"type": "Dryer",
			"status": "Ready to start",
			"time": " "
		},
		{
			"name": "Dryer 023",
			"type": "Dryer",
			"status": "Ready to start",
			"time": " "
		},
		{
			"name": "Dryer 024",
			"type": "Dryer",
			"status": "Ready to start",
			"time": " "
		},
		{
			"name": "Dryer 025",
			"type": "Dryer",
			"status": "Ready to start",
			"time": " "
		},
		{
			"name": "Dryer 026",
			"type": "Dryer",
			"status": "Ready to start",
			"time": " "
		},
		{
			"name": "Dryer 027",
			"type": "Dryer",
			"status": "Ready to start",
			"time": " "
		},
		{
			"name": "Dryer 028",
			"type": "Dryer",
			"status": "Ready to start",
			"time": " "
		},
		{
			"name": "Dryer 029",
			"type": "Dryer",
			"status": "Ready to start",
			"time": " "
		},
		{
			"name": "Dryer 030",
			"type": "Dryer",
			"status": "Ready to start",
			"time": " "
		},
		{
			"name": "Dryer 031",
			"type": "Dryer",
			"status": "Ready to start",
			"time": " "
		},
		{
			"name": "Dryer 032",
			"type": "Dryer",
			"status": "Ready to start",
			"time": " "
		},
		{
			"name": "Dryer 033",
			"type": "Dryer",
			"status": "Ready to start",
			"time": " "
		},
		{
			"name": "Dryer 034",
			"type": "Dryer",
			"status": "Ready to start",
			"time": " "
		},
		{
			"name": "Dryer 035",
			"type": "Dryer",
			"status": "Ready to start",
			"time": " "
		},
		{
			"name": "Dryer 036",
			"type": "Dryer",
			"status": "Ready to start",
			"time": " "
		},
		{
			"name": "Dryer 037",
			"type": "Dryer",
			"status": "Ready to start",
			"time": " "
		},
		{
			"name": "Dryer 038 ADA",
			"type": "Dryer",
			"status": "Ready to start",
			"time": " "
		},
		{
			"name": "Washer 001 ADA",
			"type": "Washer",
			"status": "Ready to start",
			"time": " "
		},
		{
			"name": "Washer 002",
			"type": "Washer",
			"status": "Ready to start",
			"time": " "
		},
		{
			"name": "Washer 003",
			"type": "Washer",
			"status": "Ready to start",
			"time": " "
		},
		{
			"name": "Washer 004",
			"type": "Washer",
			"status": "Ready to start",
			"time": " "
		},
		{
			"name": "Washer 005",
			"type": "Washer",
			"status": "Ready to start",
			"time": " "
		},
		{
			"name": "Washer 006",
			"type": "Washer",
			"status": "Ready to start",
			"time": " "
		},
		{
			"name": "Washer 007",
			"type": "Washer",
			"status": "Ready to start",
			"time": " "
		},
		{
			"name": "Washer 008",
			"type": "Washer",
			"status": "Ready to start",
			"time": " "
		},
		{
			"name": "Washer 009",
			"type": "Washer",
			"status": "Ready to start",
			"time": " "
		},
		{
			"name": "Washer 010",
			"type": "Washer",
			"status": "Ready to start",
			"time": " "
		},
		{
			"name": "Washer 011",
			"type": "Washer",
			"status": "Ready to start",
			"time": " "
		},
		{
			"name": "Washer 012",
			"type": "Washer",
			"status": "Ready to start",
			"time": " "
		},
		{
			"name": "Washer 013",
			"type": "Washer",
			"status": "Ready to start",
			"time": " "
		},
		{
			"name": "Washer 014",
			"type": "Washer",
			"status": "Ready to start",
			"time": " "
		},
		{
			"name": "Washer 015",
			"type": "Washer",
			"status": "Ready to start",
			"time": " "
		},
		{
			"name": "Washer 016",
			"type": "Washer",
			"status": "Ready to start",
			"time": " "
		},
		{
			"name": "Washer 017",
			"type": "Washer",
			"status": "Ready to start",
			"time": " "
		},
		{
			"name": "Washer 018",
			"type": "Washer",
			"status": "Out of order",
			"time": " "
		}
	],
	"meredith_se": [
		{
			"name": "Dryer 001",
			"type": "Dryer",
			"status": "Ready to start",
			"time": " "
		},
		{
			"name": "Dryer 002",
			"type": "Dryer",
			"status": "Ready to start",
			"time": " "
		},
		{
			"name": "Dryer 003",
			"type": "Dryer",
			"status": "Ready to start",
			"time": " "
		},
		{
			"name": "Dryer 004",
			"type": "Dryer",
			"status": "Ready to start",
			"time": " "
		},
		{
			"name": "Dryer 005",
			"type": "Dryer",
			"status": "Ready to start",
			"time": " "
		},
		{
			"name": "Dryer 006",
			"type": "Dryer",
			"status": "Ready to start",
			"time": " "
		},
		{
			"name": "Washer 007",
			"type": "Washer",
			"status": "Ready to start",
			"time": " "
		},
		{
			"name": "Washer 008",
			"type": "Washer",
			"status": "Ready to start",
			"time": " "
		},
		{
			"name": "Washer 009",
			"type": "Washer",
			"status": "Ready to start",
			"time": " "
		},
		{
			"name": "Washer 010",
			"type": "Washer",
			"status": "Ready to start",
			"time": " "
		},
		{
			"name": "Washer 011",
			"type": "Washer",
			"status": "Ready to start",
			"time": " "
		},
		{
			"name": "Washer 012",
			"type": "Washer",
			"status": "Ready to start",
			"time": " "
		}
	],
	"hawkins": [
		{
			"name": "Dryer 008",
			"type": "Dryer",
			"status": "Ready to start",
			"time": " "
		},
		{
			"name": "Dryer 009",
			"type": "Dryer",
			"status": "Ready to start",
			"time": " "
		},
		{
			"name": "Dryer 010",
			"type": "Dryer",
			"status": "Ready to start",
			"time": " "
		},
		{
			"name": "Dryer 011",
			"type": "Dryer",
			"status": "End of cycle",
			"time": " "
		},
		{
			"name": "Dryer 012",
			"type": "Dryer",
			"status": "Ready to start",
			"time": " "
		},
		{
			"name": "Dryer 013",
			"type": "Dryer",
			"status": "Ready to start",
			"time": " "
		},
		{
			"name": "Dryer 014",
			"type": "Dryer",
			"status": "Ready to start",
			"time": " "
		},
		{
			"name": "Dryer 015",
			"type": "Dryer",
			"status": "Ready to start",
			"time": " "
		},
		{
			"name": "Dryer 016 ADA",
			"type": "Dryer",
			"status": "Ready to start",
			"time": " "
		},
		{
			"name": "Dryer 017",
			"type": "Dryer",
			"status": "Ready to start",
			"time": " "
		},
		{
			"name": "Dryer 018",
			"type": "Dryer",
			"status": "End of cycle",
			"time": " "
		},
		{
			"name": "Dryer 019",
			"type": "Dryer",
			"status": "End of cycle",
			"time": " "
		},
		{
			"name": "Dryer 020",
			"type": "Dryer",
			"status": "End of cycle",
			"time": " "
		},
		{
			"name": "Dryer 021",
			"type": "Dryer",
			"status": "Ready to start",
			"time": " "
		},
		{
			"name": "Dryer 022",
			"type": "Dryer",
			"status": "Ready to start",
			"time": " "
		},
		{
			"name": "Dryer 023",
			"type": "Dryer",
			"status": "Ready to start",
			"time": " "
		},
		{
			"name": "Washer 002",
			"type": "Washer",
			"status": "Available",
			"time": " "
		},
		{
			"name": "Washer 003",
			"type": "Washer",
			"status": "Available",
			"time": " "
		},
		{
			"name": "Washer 004",
			"type": "Washer",
			"status": "In use",
			"time": "8 minutes left"
		},
		{
			"name": "Washer 005",
			"type": "Washer",
			"status": "In use",
			"time": "10 minutes left"
		},
		{
			"name": "Washer 006",
			"type": "Washer",
			"status": "Available",
			"time": " "
		},
		{
			"name": "Washer 007",
			"type": "Washer",
			"status": "In use",
			"time": "12 minutes left"
		},
		{
			"name": "Washer 024",
			"type": "Washer",
			"status": "Available",
			"time": " "
		},
		{
			"name": "Washer 025",
			"type": "Washer",
			"status": "Available",
			"time": " "
		},
		{
			"name": "Washer 026",
			"type": "Washer",
			"status": "Available",
			"time": " "
		},
		{
			"name": "Washer 027",
			"type": "Washer",
			"status": "Available",
			"time": " "
		},
		{
			"name": "Washer 028",
			"type": "Washer",
			"status": "Available",
			"time": " "
		},
		{
			"name": "Washer 029",
			"type": "Washer",
			"status": "Available",
			"time": " "
		},
		{
			"name": "Washer 030 ADA",
			"type": "Washer",
			"status": "Available",
			"time": " "
		},
		{
			"name": "Washer 031",
			"type": "Washer",
			"status": "Available",
			"time": " "
		},
		{
			"name": "Washer 032",
			"type": "Washer",
			"status": "Available",
			"time": " "
		}
	]
}